ucet@ucet23-PC MINGW64 ~/Desktop/eswari (master)
$ git init
Initialized empty Git repository in C:/Users/ucet/Desktop/eswari/.git/

ucet@ucet23-PC MINGW64 ~/Desktop/eswari (master)
$ ls
about.html  contact.html  profile.html

ucet@ucet23-PC MINGW64 ~/Desktop/eswari (master)
$ git status
On branch master

No commits yet

Untracked files:
  (use "git add <file>..." to include in what will be committed)
        about.html
        contact.html
        profile.html

nothing added to commit but untracked files present (use "git add" to track)

ucet@ucet23-PC MINGW64 ~/Desktop/eswari (master)
$ git add .

ucet@ucet23-PC MINGW64 ~/Desktop/eswari (master)
$ git status
On branch master

No commits yet

Changes to be committed:
  (use "git rm --cached <file>..." to unstage)
        new file:   about.html
        new file:   contact.html
        new file:   profile.html


ucet@ucet23-PC MINGW64 ~/Desktop/eswari (master)
$ git commit -m "second commit"
Author identity unknown

*** Please tell me who you are.

Run

  git config --global user.email "you@example.com"
  git config --global user.name "Your Name"

to set your account's default identity.
Omit --global to set the identity only in this repository.

fatal: unable to auto-detect email address (got 'ucet@ucet23-PC.(none)')

ucet@ucet23-PC MINGW64 ~/Desktop/eswari (master)
$ git config user.name "eswari"

ucet@ucet23-PC MINGW64 ~/Desktop/eswari (master)
$ git config user.email "beswari4300@gmail.com"

ucet@ucet23-PC MINGW64 ~/Desktop/eswari (master)
$ git commit -m "first commit"
[master (root-commit) a0c3f3c] first commit
 3 files changed, 26 insertions(+)
 create mode 100644 about.html
 create mode 100644 contact.html
 create mode 100644 profile.html

ucet@ucet23-PC MINGW64 ~/Desktop/eswari (master)
$ git remote add sam
usage: git remote add [<options>] <name> <url>

    -f, --fetch           fetch the remote branches
    --tags                import all tags and associated objects when fetching
                          or do not fetch any tag at all (--no-tags)
    -t, --track <branch>  branch(es) to track
    -m, --master <branch>
                          master branch
    --mirror[=(push|fetch)]
                          set up remote as a mirror to push to or fetch from


ucet@ucet23-PC MINGW64 ~/Desktop/eswari (master)
$ git remote add sam https://github.com/eshusri-123/universal-

ucet@ucet23-PC MINGW64 ~/Desktop/eswari (master)
$ git push sam master
Enumerating objects: 5, done.
Counting objects: 100% (5/5), done.
Delta compression using up to 4 threads
Compressing objects: 100% (5/5), done.
Writing objects: 100% (5/5), 547 bytes | 273.00 KiB/s, done.
Total 5 (delta 0), reused 0 (delta 0), pack-reused 0
remote:
remote: Create a pull request for 'master' on GitHub by visiting:
remote:      https://github.com/eshusri-123/universal-/pull/new/master
remote:
To https://github.com/eshusri-123/universal-
 * [new branch]      master -> master

ucet@ucet23-PC MINGW64 ~/Desktop/eswari (master)
$ git pull sam master
From https://github.com/eshusri-123/universal-
 * branch            master     -> FETCH_HEAD
Already up to date.

ucet@ucet23-PC MINGW64 ~/Desktop/eswari (master)
$ git pull sam master
From https://github.com/eshusri-123/universal-
 * branch            master     -> FETCH_HEAD
Already up to date.

ucet@ucet23-PC MINGW64 ~/Desktop/eswari (master)
$ git pull sam master
remote: Enumerating objects: 4, done.
remote: Counting objects: 100% (4/4), done.
remote: Compressing objects: 100% (2/2), done.
remote: Total 3 (delta 1), reused 0 (delta 0), pack-reused 0
Unpacking objects: 100% (3/3), 648 bytes | 2.00 KiB/s, done.
From https://github.com/eshusri-123/universal-
 * branch            master     -> FETCH_HEAD
   a0c3f3c..6833c31  master     -> sam/master
Updating a0c3f3c..6833c31
Fast-forward
 third.txt | 1 +
 1 file changed, 1 insertion(+)
 create mode 100644 third.txt

ucet@ucet23-PC MINGW64 ~/Desktop/eswari (master)
$
